STAR version=2.7.9a
STAR compilation time,server,dir=2021-05-04T09:43:56-0400 vega:/home/dobin/data/STAR/STARcode/STAR.master/source
##### Command Line:
/usr/local/anaconda/bin/STAR --runMode genomeGenerate --genomeFastaFiles genome.fasta --genomeDir star_index --runThreadN 1 --genomeSAindexNbases 5
##### Initial USER parameters from Command Line:
###### All USER parameters from Command Line:
runMode                       genomeGenerate        ~RE-DEFINED
genomeFastaFiles              genome.fasta        ~RE-DEFINED
genomeDir                     star_index     ~RE-DEFINED
runThreadN                    1     ~RE-DEFINED
genomeSAindexNbases           5     ~RE-DEFINED
##### Finished reading parameters from all sources

##### Final user re-defined parameters-----------------:
runMode                           genomeGenerate   
runThreadN                        1
genomeDir                         star_index
genomeFastaFiles                  genome.fasta   
genomeSAindexNbases               5

-------------------------------
##### Final effective command line:
/usr/local/anaconda/bin/STAR   --runMode genomeGenerate      --runThreadN 1   --genomeDir star_index   --genomeFastaFiles genome.fasta      --genomeSAindexNbases 5
----------------------------------------

Number of fastq files for each mate = 1
ParametersSolo: --soloCellFilterType CellRanger2.2 filtering parameters:  3000 0.99 10
Finished loading and checking parameters
--genomeDir directory exists and will be overwritten: star_index/
Aug 19 17:32:18 ... starting to generate Genome files
genome.fasta : chr # 0  "K01711.1" chrStart: 0
Chromosome sequence lengths: 
K01711.1	15894
Genome sequence total length = 15894
Genome size with padding = 262144
Estimated genome size with padding and SJs: total=genome+SJ=201262144 = 262144 + 201000000
GstrandBit=32
Number of SA indices: 31788
Aug 19 17:32:18 ... starting to sort Suffix Array. This may take a long time...
Number of chunks: 1;   chunks size limit: 18599685304 bytes
Aug 19 17:32:18 ... sorting Suffix Array chunks and saving them to disk...
Writing 254304 bytes into star_index//SA_0 ; empty space on disk = 19579183104 bytes ... done
Aug 19 17:32:18 ... loading chunks from disk, packing SA...
Aug 19 17:32:18 ... finished generating suffix array
Aug 19 17:32:18 ... generating Suffix Array index
Aug 19 17:32:18 ... completed Suffix Array index
Aug 19 17:32:18 ... writing Genome to disk ...
Writing 262144 bytes into star_index//Genome ; empty space on disk = 19579445248 bytes ... done
SA size in bytes: 131129
Aug 19 17:32:18 ... writing Suffix Array to disk ...
Writing 131129 bytes into star_index//SA ; empty space on disk = 19579318272 bytes ... done
Aug 19 17:32:18 ... writing SAindex to disk
Writing 8 bytes into star_index//SAindex ; empty space on disk = 19579191296 bytes ... done
Writing 48 bytes into star_index//SAindex ; empty space on disk = 19579191296 bytes ... done
Writing 5971 bytes into star_index//SAindex ; empty space on disk = 19579191296 bytes ... done
Aug 19 17:32:18 ..... finished successfully
DONE: Genome generation, EXITING
